2026-03-20 23:14:48,604 - INFO - Pipeline started
2026-03-20 23:14:48,620 - INFO - Extracted 5 rows
2026-03-20 23:14:48,620 - INFO - Data transformed
2026-03-20 23:14:48,620 - INFO - Data loaded to database
2026-03-20 23:14:48,620 - INFO - Pipeline finished
2026-03-20 23:19:33,752 - INFO - Pipeline started
2026-03-20 23:19:33,755 - INFO - Extracted 5 rows
2026-03-20 23:19:33,757 - INFO - Data transformed
2026-03-20 23:19:33,763 - INFO - Data loaded to database
2026-03-20 23:19:33,763 - INFO - Pipeline finished
2026-03-20 23:20:13,299 - INFO - Pipeline started
2026-03-20 23:20:13,302 - INFO - Extracted 5 rows
2026-03-20 23:20:13,304 - INFO - Data transformed
2026-03-20 23:20:13,310 - INFO - Data loaded to database
2026-03-20 23:20:13,310 - INFO - Pipeline finished
2026-03-20 23:22:59,674 - INFO - Pipeline started
2026-03-20 23:22:59,677 - INFO - Extracted 5 rows
2026-03-20 23:22:59,681 - INFO - Data transformed
2026-03-20 23:22:59,686 - INFO - Data loaded to database
2026-03-20 23:22:59,686 - INFO - Pipeline finished
2026-03-20 23:24:34,915 - INFO - Pipeline started
2026-03-20 23:24:34,918 - INFO - Extracted 5 rows
2026-03-20 23:24:34,922 - INFO - Data transformed
2026-03-20 23:24:34,927 - INFO - Data loaded to database
2026-03-20 23:24:34,927 - INFO - Pipeline finished
2026-03-20 23:25:40,788 - INFO - Pipeline started
2026-03-20 23:25:40,790 - INFO - Extracted 5 rows
2026-03-20 23:25:40,794 - INFO - Data transformed
2026-03-20 23:25:40,800 - INFO - Data loaded to database
2026-03-20 23:25:40,800 - INFO - Pipeline finished
2026-03-20 23:27:53,967 - INFO - Pipeline started
2026-03-20 23:27:53,967 - INFO - Extracted 5 rows
2026-03-20 23:27:53,979 - INFO - Data transformed
2026-03-20 23:27:53,985 - INFO - Data loaded to database
2026-03-20 23:27:53,985 - INFO - Pipeline finished
2026-03-20 23:34:15,490 - INFO - Pipeline started
2026-03-20 23:34:15,490 - INFO - Extracted 5 rows
2026-03-20 23:34:15,490 - INFO - Data transformed
2026-03-20 23:34:15,510 - INFO - Data loaded to database
2026-03-20 23:34:15,510 - INFO - Pipeline finished
2026-03-20 23:34:28,064 - INFO - Pipeline started
2026-03-20 23:34:28,066 - INFO - Extracted 5 rows
2026-03-20 23:34:28,074 - INFO - Data transformed
2026-03-20 23:34:28,080 - INFO - Data loaded to database
2026-03-20 23:34:28,080 - INFO - Pipeline finished
